#
# A fatal error has been detected by the Java Runtime Environment:
#
#  SIGSEGV (0xb) at pc=0x00000001471bffc8, pid=31917, tid=259
#
# JRE version: OpenJDK Runtime Environment Temurin-17.0.16+8 (17.0.16+8) (build 17.0.16+8)
# Java VM: OpenJDK 64-Bit Server VM Temurin-17.0.16+8 (17.0.16+8, mixed mode, sharing, tiered, compressed oops, compressed class ptrs, g1 gc, bsd-aarch64)
# Problematic frame:
# C  [libhalsim_gui.dylib+0x1bfc8]  std::__1::__function::__func<halsimgui::NetworkTablesSimGui::Initialize()::$_0, std::__1::allocator<halsimgui::NetworkTablesSimGui::Initialize()::$_0>, void ()>::operator()()+0x8
#
# No core dump will be written. Core dumps have been disabled. To enable core dumping, try "ulimit -c unlimited" before starting Java again
#
# If you would like to submit a bug report, please visit:
#   https://github.com/adoptium/adoptium-support/issues
# The crash happened outside the Java Virtual Machine in native code.
# See problematic frame for where to report the bug.
#

---------------  S U M M A R Y ------------

Command Line: -agentlib:jdwp=transport=dt_socket,server=n,suspend=y,address=localhost:56362 -Djava.library.path=/Users/krithikalluri/Documents/GitHub/RedWatch2026/build/jni/release -XX:+ShowCodeDetailsInExceptionMessages frc.robot.Main

Host: "Mac15,10" arm64, 14 cores, 36G, Darwin 25.2.0, macOS 26.2 (25C56)
Time: Mon Jan 26 15:39:47 2026 EST elapsed time: 76.836394 seconds (0d 0h 1m 16s)

---------------  T H R E A D  ---------------

Current thread (0x0000000102c76980):  JavaThread "main" [_thread_in_native, id=259, stack(0x000000016ca24000,0x000000016d220000)]

Stack: [0x000000016ca24000,0x000000016d220000],  sp=0x000000016d21be00,  free space=8159k
Native frames: (J=compiled Java code, j=interpreted, Vv=VM code, C=native code)
C  [libhalsim_gui.dylib+0x1bfc8]  std::__1::__function::__func<halsimgui::NetworkTablesSimGui::Initialize()::$_0, std::__1::allocator<halsimgui::NetworkTablesSimGui::Initialize()::$_0>, void ()>::operator()()+0x8
C  [libhalsim_gui.dylib+0xae1bc]  wpi::gui::PlatformRenderFrame()+0x258
C  [libhalsim_gui.dylib+0x9b438]  wpi::gui::Main()+0x180
C  [libhalsim_gui.dylib+0x1b078]  HALSIM_InitExtension::$_7::__invoke(void*)+0xc
j  edu.wpi.first.hal.HAL.runMain()V+0
j  edu.wpi.first.wpilibj.RobotBase.startRobot(Ljava/util/function/Supplier;)V+85
j  frc.robot.Main.main([Ljava/lang/String;)V+5
v  ~StubRoutines::call_stub
V  [libjvm.dylib+0x45d854]  JavaCalls::call_helper(JavaValue*, methodHandle const&, JavaCallArguments*, JavaThread*)+0x3d8
V  [libjvm.dylib+0x4c5514]  jni_invoke_static(JNIEnv_*, JavaValue*, _jobject*, JNICallType, _jmethodID*, JNI_ArgumentPusher*, JavaThread*)+0x158
V  [libjvm.dylib+0x4c8c98]  jni_CallStaticVoidMethod+0x130
C  [libjli.dylib+0xad3c]  JavaMain+0x63c
C  [libjli.dylib+0xdb28]  __JVMInit_block_invoke+0x48
C  [Foundation+0x1d878]  __NSBLOCKOPERATION_IS_CALLING_OUT_TO_A_BLOCK__+0x18
C  [Foundation+0x1d740]  -[NSBlockOperation main]+0x60
C  [Foundation+0x1d6d8]  __NSOPERATION_IS_INVOKING_MAIN__+0x10
C  [Foundation+0x1d308]  -[NSOperation start]+0x280
C  [Foundation+0x38114]  __NSThreadPerformPerform+0x108
C  [CoreFoundation+0x5f9f8]  __CFRUNLOOP_IS_CALLING_OUT_TO_A_SOURCE0_PERFORM_FUNCTION__+0x1c
C  [CoreFoundation+0x5f98c]  __CFRunLoopDoSource0+0xac
C  [CoreFoundation+0x5f6f8]  __CFRunLoopDoSources0+0xe8
C  [CoreFoundation+0x5e388]  __CFRunLoopRun+0x334
C  [CoreFoundation+0x118e34]  _CFRunLoopRunSpecificWithOptions+0x214
C  [libjli.dylib+0xd1d4]  CreateExecutionEnvironment+0x194
C  [libjli.dylib+0x9200]  JLI_Launch+0x4d0
C  [java+0x3ba0]  main+0x198
C  [dyld+0x8d54]  start+0x1c10

Java frames: (J=compiled Java code, j=interpreted, Vv=VM code)
j  edu.wpi.first.hal.HAL.runMain()V+0
j  edu.wpi.first.wpilibj.RobotBase.startRobot(Ljava/util/function/Supplier;)V+85
j  frc.robot.Main.main([Ljava/lang/String;)V+5
v  ~StubRoutines::call_stub

siginfo: si_signo: 11 (SIGSEGV), si_code: 2 (SEGV_ACCERR), si_addr: 0x0000000000000000

Registers:
 x0=0x0000000000000000  x1=0x000000010e9ca580  x2=0x000000016d21bb20  x3=0x000000010e9caf31
 x4=0x000000067ee475b8  x5=0x0000000000000020  x6=0x0000000147f86c6c  x7=0x0000000000000000
 x8=0x0000000147fc6000  x9=0x000000078d100a80 x10=0x0000000000000080 x11=0x0000000000000000
x12=0x0000000000000000 x13=0x4434000044a00000 x14=0x000000000000009f x15=0x0000000042e20000
x16=0x00000001f8346c40 x17=0x00000001f8346c40 x18=0x0000000000000000 x19=0x0000000147fce000
x20=0x0000000000000003 x21=0x0000000000000078 x22=0x000000078d0100e0 x23=0x000000078f5a5ae0
x24=0x000000078cfc1200 x25=0x000000078cfc1200 x26=0x0000000147fceb20 x27=0x0000000147fc8000
x28=0x0000000102c76980  fp=0x000000016d21be20  lr=0x000000014723f554  sp=0x000000016d21be00
pc=0x00000001471bffc8 cpsr=0x0000000080001000

Register to memory mapping:

 x0=0x0 is NULL
 x1=