#
# A fatal error has been detected by the Java Runtime Environment:
#
#  SIGSEGV (0xb) at pc=0x000000013d2fbfc8, pid=9719, tid=259
#
# JRE version: OpenJDK Runtime Environment Homebrew (17.0.20) (build 17.0.20+0)
# Java VM: OpenJDK 64-Bit Server VM Homebrew (17.0.20+0, mixed mode, sharing, tiered, compressed oops, compressed class ptrs, g1 gc, bsd-aarch64)
# Problematic frame:
# C  [libhalsim_gui.dylib+0x1bfc8]  std::__1::__function::__func<halsimgui::NetworkTablesSimGui::Initialize()::$_0, std::__1::allocator<halsimgui::NetworkTablesSimGui::Initialize()::$_0>, void ()>::operator()()+0x8
#
# No core dump will be written. Core dumps have been disabled. To enable core dumping, try "ulimit -c unlimited" before starting Java again
#
# If you would like to submit a bug report, please visit:
#   https://github.com/Homebrew/homebrew-core/issues
# The crash happened outside the Java Virtual Machine in native code.
# See problematic frame for where to report the bug.
#

---------------  S U M M A R Y ------------

Command Line: -Djava.library.path=/Users/anirudsriram/Documents/GitHub/RedWatch2026/build/jni/release -Dfile.encoding=UTF-8 -Duser.country=US -Duser.language=en -Duser.variant /Users/anirudsriram/Documents/GitHub/RedWatch2026/build/libs/RedWatch2026.jar

Host: "Mac15,6" arm64, 11 cores, 18G, Darwin 25.5.0, macOS 26.5.2 (25F84)
Time: Tue Sep 15 17:04:53 2026 EDT elapsed time: 1284.695391 seconds (0d 0h 21m 24s)

---------------  T H R E A D  ---------------

Current thread (0x0000000105134470):  JavaThread "main" [_thread_in_native, id=259, stack(0x000000016acbc000,0x000000016b4b8000)]

Stack: [0x000000016acbc000,0x000000016b4b8000],  sp=0x000000016b4b3e00,  free space=8159k
Native frames: (J=compiled Java code, j=interpreted, Vv=VM code, C=native code)
C  [libhalsim_gui.dylib+0x1bfc8]  std::__1::__function::__func<halsimgui::NetworkTablesSimGui::Initialize()::$_0, std::__1::allocator<halsimgui::NetworkTablesSimGui::Initialize()::$_0>, void ()>::operator()()+0x8
C  [libhalsim_gui.dylib+0xae1bc]  wpi::gui::PlatformRenderFrame()+0x258
C  [libhalsim_gui.dylib+0x9b438]  wpi::gui::Main()+0x180
C  [libhalsim_gui.dylib+0x1b078]  HALSIM_InitExtension::$_7::__invoke(void*)+0xc
j  edu.wpi.first.hal.HAL.runMain()V+0
j  edu.wpi.first.wpilibj.RobotBase.startRobot(Ljava/util/function/Supplier;)V+85
j  frc.robot.Main.main([Ljava/lang/String;)V+5
v  ~StubRoutines::call_stub
V  [libjvm.dylib+0x3583e4]  JavaCalls::call_helper(JavaValue*, methodHandle const&, JavaCallArguments*, JavaThread*)+0x220
V  [libjvm.dylib+0x3ab2b0]  jni_invoke_static(JNIEnv_*, JavaValue*, _jobject*, JNICallType, _jmethodID*, JNI_ArgumentPusher*, JavaThread*)+0xd4
V  [libjvm.dylib+0x3ae114]  jni_CallStaticVoidMethod+0xdc
C  [libjli.dylib+0x5858]  JavaMain+0x598
C  [libjli.dylib+0x8338]  __JVMInit_block_invoke+0x48
C  [Foundation+0x3e16c]  __NSBLOCKOPERATION_IS_CALLING_OUT_TO_A_BLOCK__+0x18
C  [Foundation+0x3e03c]  -[NSBlockOperation main]+0x58
C  [Foundation+0x3dfdc]  __NSOPERATION_IS_INVOKING_MAIN__+0x10
C  [Foundation+0x3d3e8]  -[NSOperation start]+0x280
C  [Foundation+0x78adc]  __NSThreadPerformPerform+0x108
C  [CoreFoundation+0x7df30]  __CFRUNLOOP_IS_CALLING_OUT_TO_A_SOURCE0_PERFORM_FUNCTION__+0x1c
C  [CoreFoundation+0x7dec4]  __CFRunLoopDoSource0+0xac
C  [CoreFoundation+0x7dc30]  __CFRunLoopDoSources0+0xe8
C  [CoreFoundation+0x7c854]  __CFRunLoopRun+0x334
C  [CoreFoundation+0x14f1c4]  _CFRunLoopRunSpecificWithOptions+0x214
C  [libjli.dylib+0x7a74]  CreateExecutionEnvironment+0x190
C  [libjli.dylib+0x3f80]  JLI_Launch+0x46c
C  [java+0x2168]  main+0x188
C  [dyld+0x1fe00]  start+0x1b50

Java frames: (J=compiled Java code, j=interpreted, Vv=VM code)
j  edu.wpi.first.hal.HAL.runMain()V+0
j  edu.wpi.first.wpilibj.RobotBase.startRobot(Ljava/util/function/Supplier;)V+85
j  frc.robot.Main.main([Ljava/lang/String;)V+5
v  ~StubRoutines::call_stub

siginfo: si_signo: 11 (SIGSEGV), si_code: 2 (SEGV_ACCERR), si_addr: 0x0000000000000000

Registers:
 x0=0x0000000000000000  x1=0x00000001096b2580  x2=0x000000016b4b3b20  x3=0x00000001096b2f31
 x4=0x00000008ef9327b8  x5=0x0000000000000020  x6=0x000000013e0c2c6c  x7=0x0000000000000000
 x8=0x000000013e102000  x9=0x00000009f8d64580 x10=0x0000000000000080 x11=0x0000000000000000
x12=0x0000000000000000 x13=0x4434000044a00000 x14=0x000000000000009f x15=0x0000000042e20000
x16=0x0000000109657c1c x17=0x00000001f4639d80 x18=0x0000000000000000 x19=0x000000013e10a000
x20=0x0000000000000003 x21=0x0000000000000078 x22=0x00000009f8c100d8 x23=0x00000009f908f5c0
x24=0x00000009f953d080 x25=0x00000009f953d080 x26=0x000000013e10ab20 x27=0x000000013e104000
x28=0x0000000105134470  fp=0x000000016b4b3e20  lr=0x000000013d37b554  sp=0x000000016b4b3e00
pc=0x000000013d2fbfc8 cpsr=0x0000000080001000

Register to memory mapping:

 x0=0x0 is NULL
 x1=0x00000001096b2580: _ZZN3hal4init27InitializeDriverStationDataEvE3dsd+0x118 in /Users/anirudsriram/Documents/GitHub/RedWatch2026/build/jni/release/libwpiHal.dylib at 0x0000000109648000
 x2=0x000000016b4b3b20 is pointing into the stack for thread: 0x0000000105134470
 x3=0x00000001096b2f31: _ZZN3hal4init27InitializeDriverStationDataEvE3dsd+0xac9 in /Users/anirudsriram/Documents/GitHub/RedWatch2026/build/jni/release/libwpiHal.dylib at 0x0000000109648000
 x4=0x00000008ef9327b8 is an unknown value
 x5=0x0000000000000020 is an unknown value
 x6=0x000000013e0c2c6c: <offset 0xde2c6c> in /Users/anirudsriram/Documents/GitHub/RedWatch2026/build/jni/release/libhalsim_gui.dylib at 0x000000013d2e0000
 x7=0x0 is NULL
 x8=0x000000013e102000: _glfwDefaultMappings+0xc0 in /Users/anirudsriram/Documents/GitHub/RedWatch2026/build/jni/release/libhalsim_gui.dylib at 0x000000013d2e0000
 x9=0x00000009f8d64580 points into unknown readable memory: 0x000000013e0f5a10 | 10 5a 0f 3e 01 00 00 00
x10=0x0000000000000080 is an unknown value
x11=0x0 is NULL
x12=0x0 is NULL
x13=0x4434000044a00000 is an unknown value
x14=0x000000000000009f is an unknown value
x15=