#
# A fatal error has been detected by the Java Runtime Environment:
#
#  SIGSEGV (0xb) at pc=0x000000013a2fbfc8, pid=11335, tid=259
#
# JRE version: OpenJDK Runtime Environment Homebrew (17.0.20) (build 17.0.20+0)
# Java VM: OpenJDK 64-Bit Server VM Homebrew (17.0.20+0, mixed mode, sharing, tiered, compressed oops, compressed class ptrs, g1 gc, bsd-aarch64)
# Problematic frame:
# C  [libhalsim_gui.dylib+0x1bfc8]  std::__1::__function::__func<halsimgui::NetworkTablesSimGui::Initialize()::$_0, std::__1::allocator<halsimgui::NetworkTablesSimGui::Initialize()::$_0>, void ()>::operator()()+0x8
#
# No core dump will be written. Core dumps have been disabled. To enable core dumping, try "ulimit -c unlimited" before starting Java again
#
# If you would like to submit a bug report, please visit:
#   https://github.com/Homebrew/homebrew-core/issues
# The crash happened outside the Java Virtual Machine in native code.
# See problematic frame for where to report the bug.
#

---------------  S U M M A R Y ------------

Command Line: -Djava.library.path=/Users/anirudsriram/Documents/GitHub/RedWatch2026/build/jni/release -Dfile.encoding=UTF-8 -Duser.country=US -Duser.language=en -Duser.variant /Users/anirudsriram/Documents/GitHub/RedWatch2026/build/libs/RedWatch2026.jar

Host: "Mac15,6" arm64, 11 cores, 18G, Darwin 25.5.0, macOS 26.5.2 (25F84)
Time: Tue Sep 15 17:10:59 2026 EDT elapsed time: 357.996072 seconds (0d 0h 5m 57s)

---------------  T H R E A D  ---------------

Current thread (0x000000010300de60):  JavaThread "main" [_thread_in_native, id=259, stack(0x000000016cc5c000,0x000000016d458000)]

Stack: [0x000000016cc5c000,0x000000016d458000],  sp=0x000000016d453e00,  free space=8159k
Native frames: (J=compiled Java code, j=interpreted, Vv=VM code, C=native code)
C